ERC report (2026-04-12T20:33:30, Encoding UTF8)
Report includes: Errors, Warnings

***** Sheet /
[multiple_net_names]: Both KEY_ADC1 and KEY_ADC2 are attached to the same items; KEY_ADC1 will be used in the netlist
    ; warning
    @(54.61 mm, 55.88 mm): Label 'KEY_ADC1'
    @(54.61 mm, 30.48 mm): Label 'KEY_ADC2'
[unconnected_wire_endpoint]: Unconnected wire endpoint
    ; warning
    @(38.10 mm, 55.88 mm): Horizontal Wire, length 16.51 mm
[unconnected_wire_endpoint]: Unconnected wire endpoint
    ; warning
    @(15.24 mm, 59.69 mm): Horizontal Wire, length 22.86 mm
[lib_symbol_mismatch]: Symbol 'TLV9064' doesn't match copy in library 'Amplifier_Operational'
    ; warning
    @(105.41 mm, 34.29 mm): Symbol U1 [TLV9064]
[lib_symbol_mismatch]: Symbol 'TLV9064' doesn't match copy in library 'Amplifier_Operational'
    ; warning
    @(105.41 mm, 59.69 mm): Symbol U1 [TLV9064]
[lib_symbol_mismatch]: Symbol 'TLV9064' doesn't match copy in library 'Amplifier_Operational'
    ; warning
    @(105.41 mm, 86.36 mm): Symbol U1 [TLV9064]
[lib_symbol_mismatch]: Symbol 'TLV9064' doesn't match copy in library 'Amplifier_Operational'
    ; warning
    @(105.41 mm, 107.95 mm): Symbol U1 [TLV9064]
[power_pin_not_driven]: Input Power pin not driven by any Output Power pins
    ; warning
    @(154.94 mm, 21.59 mm): Symbol U2 Pin 8 [VDD, Power input, Line]
[lib_symbol_mismatch]: Symbol 'TLV9064' doesn't match copy in library 'Amplifier_Operational'
    ; warning
    @(105.41 mm, 118.11 mm): Symbol U1 [TLV9064]
[label_dangling]: Label not connected
    ; warning
    @(149.86 mm, 102.87 mm): Label 'GND'
[label_dangling]: Label not connected
    ; warning
    @(194.31 mm, 24.13 mm): Label 'PI_SDA'
[unconnected_wire_endpoint]: Unconnected wire endpoint
    ; warning
    @(195.58 mm, 29.21 mm): Wire, length 8.519 mm
[unconnected_wire_endpoint]: Unconnected wire endpoint
    ; warning
    @(234.95 mm, 50.80 mm): Vertical Wire, length 1.27 mm
[unconnected_wire_endpoint]: Unconnected wire endpoint
    ; warning
    @(234.95 mm, 53.34 mm): Vertical Wire, length 1.27 mm
[unconnected_wire_endpoint]: Unconnected wire endpoint
    ; warning
    @(182.88 mm, 60.96 mm): Horizontal Wire, length 52.07 mm
[endpoint_off_grid]: Symbol pin or wire end off connection grid
    ; warning
    @(35.56 mm, 286.03 mm): Symbol J3 Pin 1 [1, Passive, Line]
[endpoint_off_grid]: Symbol pin or wire end off connection grid
    ; warning
    @(35.56 mm, 286.03 mm): Horizontal Wire, length 10.16 mm
[endpoint_off_grid]: Symbol pin or wire end off connection grid
    ; warning
    @(35.56 mm, 288.57 mm): Horizontal Wire, length 10.16 mm
[endpoint_off_grid]: Symbol pin or wire end off connection grid
    ; warning
    @(35.56 mm, 291.11 mm): Horizontal Wire, length 10.16 mm
[endpoint_off_grid]: Symbol pin or wire end off connection grid
    ; warning
    @(35.56 mm, 293.65 mm): Horizontal Wire, length 10.16 mm
[endpoint_off_grid]: Symbol pin or wire end off connection grid
    ; warning
    @(35.56 mm, 296.19 mm): Horizontal Wire, length 10.16 mm
[endpoint_off_grid]: Symbol pin or wire end off connection grid
    ; warning
    @(35.56 mm, 298.73 mm): Horizontal Wire, length 10.16 mm
[lib_symbol_issues]: The current configuration does not include the symbol library 'Custom'
    ; warning
    @(25.40 mm, 300.00 mm): Symbol J3 [Conn_02x07_Simple]
[endpoint_off_grid]: Symbol pin or wire end off connection grid
    ; warning
    @(35.56 mm, 301.27 mm): Horizontal Wire, length 10.16 mm
[endpoint_off_grid]: Symbol pin or wire end off connection grid
    ; warning
    @(35.56 mm, 303.81 mm): Horizontal Wire, length 10.16 mm
[endpoint_off_grid]: Symbol pin or wire end off connection grid
    ; warning
    @(35.56 mm, 306.35 mm): Horizontal Wire, length 10.16 mm
[endpoint_off_grid]: Symbol pin or wire end off connection grid
    ; warning
    @(303.34 mm, 55.88 mm): Horizontal Wire, length 2.54 mm
[endpoint_off_grid]: Symbol pin or wire end off connection grid
    ; warning
    @(303.34 mm, 55.88 mm): Horizontal Wire, length 17.78 mm
[endpoint_off_grid]: Symbol pin or wire end off connection grid
    ; warning
    @(303.34 mm, 58.42 mm): Horizontal Wire, length 2.54 mm
[endpoint_off_grid]: Symbol pin or wire end off connection grid
    ; warning
    @(303.34 mm, 58.42 mm): Horizontal Wire, length 30.48 mm
[endpoint_off_grid]: Symbol pin or wire end off connection grid
    ; warning
    @(35.56 mm, 308.89 mm): Horizontal Wire, length 10.16 mm
[endpoint_off_grid]: Symbol pin or wire end off connection grid
    ; warning
    @(35.56 mm, 311.43 mm): Horizontal Wire, length 10.16 mm
[endpoint_off_grid]: Symbol pin or wire end off connection grid
    ; warning
    @(35.56 mm, 313.97 mm): Horizontal Wire, length 10.16 mm
[endpoint_off_grid]: Symbol pin or wire end off connection grid
    ; warning
    @(35.56 mm, 316.51 mm): Horizontal Wire, length 10.16 mm
[endpoint_off_grid]: Symbol pin or wire end off connection grid
    ; warning
    @(321.12 mm, 55.88 mm): Vertical Wire, length 78.74 mm
[endpoint_off_grid]: Symbol pin or wire end off connection grid
    ; warning
    @(333.82 mm, 58.42 mm): Vertical Wire, length 12.70 mm
[endpoint_off_grid]: Symbol pin or wire end off connection grid
    ; warning
    @(333.82 mm, 71.12 mm): Horizontal Wire, length 12.70 mm
[endpoint_off_grid]: Symbol pin or wire end off connection grid
    ; warning
    @(321.12 mm, 134.62 mm): Horizontal Wire, length 31.75 mm
[endpoint_off_grid]: Symbol pin or wire end off connection grid
    ; warning
    @(346.52 mm, 68.58 mm): Vertical Wire, length 5.08 mm
[endpoint_off_grid]: Symbol pin or wire end off connection grid
    ; warning
    @(346.52 mm, 71.12 mm): Vertical Wire, length 7.62 mm
[endpoint_off_grid]: Symbol pin or wire end off connection grid
    ; warning
    @(346.52 mm, 71.12 mm): Vertical Wire, length 2.54 mm
[endpoint_off_grid]: Symbol pin or wire end off connection grid
    ; warning
    @(352.87 mm, 63.50 mm): Symbol U5 Pin 1 [A1, Passive, Line]
[endpoint_off_grid]: Symbol pin or wire end off connection grid
    ; warning
    @(352.87 mm, 63.50 mm): Horizontal Wire, length 6.35 mm
[endpoint_off_grid]: Symbol pin or wire end off connection grid
    ; warning
    @(346.52 mm, 95.25 mm): Vertical Wire, length 7.62 mm
[endpoint_off_grid]: Symbol pin or wire end off connection grid
    ; warning
    @(346.52 mm, 95.25 mm): Horizontal Wire, length 11.43 mm
[endpoint_off_grid]: Symbol pin or wire end off connection grid
    ; warning
    @(352.87 mm, 68.58 mm): Horizontal Wire, length 6.35 mm
[endpoint_off_grid]: Symbol pin or wire end off connection grid
    ; warning
    @(352.87 mm, 73.66 mm): Horizontal Wire, length 6.35 mm
[endpoint_off_grid]: Symbol pin or wire end off connection grid
    ; warning
    @(346.52 mm, 102.87 mm): Symbol R18 Pin 1 [Passive, Line]
[endpoint_off_grid]: Symbol pin or wire end off connection grid
    ; warning
    @(352.87 mm, 78.74 mm): Horizontal Wire, length 6.35 mm
[endpoint_off_grid]: Symbol pin or wire end off connection grid
    ; warning
    @(359.22 mm, 44.45 mm): Vertical Wire, length 10.16 mm
[endpoint_off_grid]: Symbol pin or wire end off connection grid
    ; warning
    @(346.52 mm, 115.57 mm): Vertical Wire, length 5.08 mm
[endpoint_off_grid]: Symbol pin or wire end off connection grid
    ; warning
    @(346.52 mm, 115.57 mm): Horizontal Wire, length 8.89 mm
[endpoint_off_grid]: Symbol pin or wire end off connection grid
    ; warning
    @(364.30 mm, 44.45 mm): Vertical Wire, length 10.16 mm
[endpoint_off_grid]: Symbol pin or wire end off connection grid
    ; warning
    @(357.95 mm, 87.63 mm): Vertical Wire, length 7.62 mm
[endpoint_off_grid]: Symbol pin or wire end off connection grid
    ; warning
    @(355.41 mm, 97.79 mm): Horizontal Wire, length 5.08 mm
[endpoint_off_grid]: Symbol pin or wire end off connection grid
    ; warning
    @(355.41 mm, 97.79 mm): Vertical Wire, length 5.08 mm
[lib_symbol_issues]: The current configuration does not include the symbol library 'Switch_TI'
    ; warning
    @(361.76 mm, 71.12 mm): Symbol U5 [SN74LV4066APWR]
[endpoint_off_grid]: Symbol pin or wire end off connection grid
    ; warning
    @(355.41 mm, 102.87 mm): Symbol R19 Pin 1 [Passive, Line]
[endpoint_off_grid]: Symbol pin or wire end off connection grid
    ; warning
    @(360.49 mm, 87.63 mm): Vertical Wire, length 10.16 mm
[endpoint_off_grid]: Symbol pin or wire end off connection grid
    ; warning
    @(355.41 mm, 110.49 mm): Vertical Wire, length 5.08 mm
[endpoint_off_grid]: Symbol pin or wire end off connection grid
    ; warning
    @(363.03 mm, 87.63 mm): Vertical Wire, length 2.54 mm
[endpoint_off_grid]: Symbol pin or wire end off connection grid
    ; warning
    @(355.41 mm, 115.57 mm): Horizontal Wire, length 12.70 mm
[endpoint_off_grid]: Symbol pin or wire end off connection grid
    ; warning
    @(363.03 mm, 90.17 mm): Horizontal Wire, length 5.08 mm
[endpoint_off_grid]: Symbol pin or wire end off connection grid
    ; warning
    @(365.57 mm, 87.63 mm): Vertical Wire, length 5.08 mm
[endpoint_off_grid]: Symbol pin or wire end off connection grid
    ; warning
    @(370.65 mm, 63.50 mm): Horizontal Wire, length 16.51 mm
[endpoint_off_grid]: Symbol pin or wire end off connection grid
    ; warning
    @(370.65 mm, 68.58 mm): Horizontal Wire, length 16.51 mm
[endpoint_off_grid]: Symbol pin or wire end off connection grid
    ; warning
    @(352.87 mm, 134.62 mm): Symbol U6 Pin 1 [A, Passive, Line]
[endpoint_off_grid]: Symbol pin or wire end off connection grid
    ; warning
    @(370.65 mm, 73.66 mm): Horizontal Wire, length 16.51 mm
[endpoint_off_grid]: Symbol pin or wire end off connection grid
    ; warning
    @(370.65 mm, 78.74 mm): Horizontal Wire, length 16.51 mm
[endpoint_off_grid]: Symbol pin or wire end off connection grid
    ; warning
    @(368.11 mm, 90.17 mm): Vertical Wire, length 12.70 mm
[endpoint_off_grid]: Symbol pin or wire end off connection grid
    ; warning
    @(368.11 mm, 90.17 mm): Horizontal Wire, length 64.77 mm
[endpoint_off_grid]: Symbol pin or wire end off connection grid
    ; warning
    @(359.22 mm, 125.73 mm): Vertical Wire, length 5.08 mm
[endpoint_off_grid]: Symbol pin or wire end off connection grid
    ; warning
    @(368.11 mm, 102.87 mm): Symbol R20 Pin 1 [Passive, Line]
[endpoint_off_grid]: Symbol pin or wire end off connection grid
    ; warning
    @(368.11 mm, 110.49 mm): Vertical Wire, length 5.08 mm
[endpoint_off_grid]: Symbol pin or wire end off connection grid
    ; warning
    @(364.30 mm, 125.73 mm): Vertical Wire, length 2.54 mm
[endpoint_off_grid]: Symbol pin or wire end off connection grid
    ; warning
    @(368.11 mm, 115.57 mm): Horizontal Wire, length 12.70 mm
[lib_symbol_issues]: The current configuration does not include the symbol library 'Switch_TI'
    ; warning
    @(361.76 mm, 134.62 mm): Symbol U6 [SN74LVC1G66DBVR]
[endpoint_off_grid]: Symbol pin or wire end off connection grid
    ; warning
    @(361.76 mm, 143.51 mm): Vertical Wire, length 5.08 mm
[endpoint_off_grid]: Symbol pin or wire end off connection grid
    ; warning
    @(361.76 mm, 148.59 mm): Vertical Wire, length 3.81 mm
[endpoint_off_grid]: Symbol pin or wire end off connection grid
    ; warning
    @(380.81 mm, 92.71 mm): Horizontal Wire, length 15.24 mm
[unconnected_wire_endpoint]: Unconnected wire endpoint
    ; warning
    @(427.80 mm, 151.13 mm): Horizontal Wire, length 66.04 mm
[endpoint_off_grid]: Symbol pin or wire end off connection grid
    ; warning
    @(361.76 mm, 152.40 mm): Symbol R22 Pin 1 [Passive, Line]
[endpoint_off_grid]: Symbol pin or wire end off connection grid
    ; warning
    @(364.30 mm, 148.59 mm): Horizontal Wire, length 2.54 mm
[endpoint_off_grid]: Symbol pin or wire end off connection grid
    ; warning
    @(370.65 mm, 134.62 mm): Horizontal Wire, length 21.59 mm
[endpoint_off_grid]: Symbol pin or wire end off connection grid
    ; warning
    @(380.81 mm, 102.87 mm): Symbol R21 Pin 1 [Passive, Line]
[endpoint_off_grid]: Symbol pin or wire end off connection grid
    ; warning
    @(380.81 mm, 102.87 mm): Vertical Wire, length 10.16 mm
[endpoint_off_grid]: Symbol pin or wire end off connection grid
    ; warning
    @(361.76 mm, 162.56 mm): Vertical Wire, length 2.54 mm
[endpoint_off_grid]: Symbol pin or wire end off connection grid
    ; warning
    @(380.81 mm, 115.57 mm): Vertical Wire, length 5.08 mm
[endpoint_off_grid]: Symbol pin or wire end off connection grid
    ; warning
    @(394.78 mm, 63.50 mm): Symbol R16 Pin 1 [Passive, Line]
[endpoint_off_grid]: Symbol pin or wire end off connection grid
    ; warning
    @(394.78 mm, 68.58 mm): Symbol R15 Pin 1 [Passive, Line]
[endpoint_off_grid]: Symbol pin or wire end off connection grid
    ; warning
    @(394.78 mm, 68.58 mm): Vertical Wire, length 5.08 mm
[endpoint_off_grid]: Symbol pin or wire end off connection grid
    ; warning
    @(394.78 mm, 68.58 mm): Vertical Wire, length 5.08 mm
[endpoint_off_grid]: Symbol pin or wire end off connection grid
    ; warning
    @(394.78 mm, 73.66 mm): Symbol R14 Pin 1 [Passive, Line]
[endpoint_off_grid]: Symbol pin or wire end off connection grid
    ; warning
    @(394.78 mm, 73.66 mm): Vertical Wire, length 5.08 mm
[endpoint_off_grid]: Symbol pin or wire end off connection grid
    ; warning
    @(394.78 mm, 78.74 mm): Symbol R13 Pin 1 [Passive, Line]
[endpoint_off_grid]: Symbol pin or wire end off connection grid
    ; warning
    @(399.86 mm, 115.57 mm): Horizontal Wire, length 19.05 mm
[endpoint_off_grid]: Symbol pin or wire end off connection grid
    ; warning
    @(399.86 mm, 134.62 mm): Vertical Wire, length 19.05 mm
[endpoint_off_grid]: Symbol pin or wire end off connection grid
    ; warning
    @(399.86 mm, 134.62 mm): Symbol R17 Pin 1 [Passive, Line]
[endpoint_off_grid]: Symbol pin or wire end off connection grid
    ; warning
    @(427.80 mm, 63.50 mm): Horizontal Wire, length 25.40 mm
[endpoint_off_grid]: Symbol pin or wire end off connection grid
    ; warning
    @(427.80 mm, 63.50 mm): Vertical Wire, length 87.63 mm
[endpoint_off_grid]: Symbol pin or wire end off connection grid
    ; warning
    @(430.34 mm, 66.04 mm): Horizontal Wire, length 22.86 mm
[endpoint_off_grid]: Symbol pin or wire end off connection grid
    ; warning
    @(430.34 mm, 66.04 mm): Vertical Wire, length 26.67 mm
[endpoint_off_grid]: Symbol pin or wire end off connection grid
    ; warning
    @(432.88 mm, 68.58 mm): Horizontal Wire, length 20.32 mm
[endpoint_off_grid]: Symbol pin or wire end off connection grid
    ; warning
    @(432.88 mm, 68.58 mm): Vertical Wire, length 21.59 mm
[endpoint_off_grid]: Symbol pin or wire end off connection grid
    ; warning
    @(430.34 mm, 92.71 mm): Horizontal Wire, length 49.53 mm
[endpoint_off_grid]: Symbol pin or wire end off connection grid
    ; warning
    @(435.42 mm, 71.12 mm): Horizontal Wire, length 17.78 mm
[endpoint_off_grid]: Symbol pin or wire end off connection grid
    ; warning
    @(435.42 mm, 71.12 mm): Vertical Wire, length 26.67 mm
[endpoint_off_grid]: Symbol pin or wire end off connection grid
    ; warning
    @(437.96 mm, 73.66 mm): Horizontal Wire, length 15.24 mm
[endpoint_off_grid]: Symbol pin or wire end off connection grid
    ; warning
    @(437.96 mm, 73.66 mm): Vertical Wire, length 21.59 mm
[endpoint_off_grid]: Symbol pin or wire end off connection grid
    ; warning
    @(435.42 mm, 97.79 mm): Horizontal Wire, length 74.93 mm
[endpoint_off_grid]: Symbol pin or wire end off connection grid
    ; warning
    @(445.58 mm, 46.99 mm): Horizontal Wire, length 86.36 mm
[endpoint_off_grid]: Symbol pin or wire end off connection grid
    ; warning
    @(437.96 mm, 95.25 mm): Horizontal Wire, length 80.01 mm
[endpoint_off_grid]: Symbol pin or wire end off connection grid
    ; warning
    @(445.58 mm, 78.74 mm): Horizontal Wire, length 7.62 mm
[endpoint_off_grid]: Symbol pin or wire end off connection grid
    ; warning
    @(445.58 mm, 78.74 mm): Vertical Wire, length 31.75 mm
[endpoint_off_grid]: Symbol pin or wire end off connection grid
    ; warning
    @(443.04 mm, 93.98 mm): Symbol C10 Pin 1 [Passive, Line]
[endpoint_off_grid]: Symbol pin or wire end off connection grid
    ; warning
    @(443.04 mm, 93.98 mm): Vertical Wire, length 2.54 mm
[endpoint_off_grid]: Symbol pin or wire end off connection grid
    ; warning
    @(427.80 mm, 151.13 mm): Horizontal Wire, length 66.04 mm
[endpoint_off_grid]: Symbol pin or wire end off connection grid
    ; warning
    @(443.04 mm, 101.60 mm): Vertical Wire, length 5.08 mm
[unconnected_wire_endpoint]: Unconnected wire endpoint
    ; warning
    @(427.80 mm, 63.50 mm): Horizontal Wire, length 25.40 mm
[unconnected_wire_endpoint]: Unconnected wire endpoint
    ; warning
    @(430.34 mm, 66.04 mm): Horizontal Wire, length 22.86 mm
[unconnected_wire_endpoint]: Unconnected wire endpoint
    ; warning
    @(432.88 mm, 68.58 mm): Horizontal Wire, length 20.32 mm
[unconnected_wire_endpoint]: Unconnected wire endpoint
    ; warning
    @(435.42 mm, 71.12 mm): Horizontal Wire, length 17.78 mm
[unconnected_wire_endpoint]: Unconnected wire endpoint
    ; warning
    @(437.96 mm, 73.66 mm): Horizontal Wire, length 15.24 mm
[unconnected_wire_endpoint]: Unconnected wire endpoint
    ; warning
    @(445.58 mm, 78.74 mm): Horizontal Wire, length 7.62 mm
[endpoint_off_grid]: Symbol pin or wire end off connection grid
    ; warning
    @(450.66 mm, 93.98 mm): Symbol C9 Pin 1 [Passive, Line]
[endpoint_off_grid]: Symbol pin or wire end off connection grid
    ; warning
    @(450.66 mm, 93.98 mm): Vertical Wire, length 2.54 mm
[endpoint_off_grid]: Symbol pin or wire end off connection grid
    ; warning
    @(450.66 mm, 101.60 mm): Vertical Wire, length 5.08 mm
[endpoint_off_grid]: Symbol pin or wire end off connection grid
    ; warning
    @(459.55 mm, 93.98 mm): Symbol C11 Pin 1 [Passive, Line]
[endpoint_off_grid]: Symbol pin or wire end off connection grid
    ; warning
    @(459.55 mm, 93.98 mm): Vertical Wire, length 2.54 mm
[endpoint_off_grid]: Symbol pin or wire end off connection grid
    ; warning
    @(459.55 mm, 101.60 mm): Vertical Wire, length 5.08 mm
[lib_symbol_issues]: The current configuration does not include the symbol library 'Custom'
    ; warning
    @(550.00 mm, 100.00 mm): Symbol J2 [Conn_02x20_Simple]
[endpoint_off_grid]: Symbol pin or wire end off connection grid
    ; warning
    @(560.16 mm, 50.47 mm): Symbol J2 Pin 1 [1, Passive, Line]
[endpoint_off_grid]: Symbol pin or wire end off connection grid
    ; warning
    @(560.16 mm, 50.47 mm): Horizontal Wire, length 10.16 mm
[endpoint_off_grid]: Symbol pin or wire end off connection grid
    ; warning
    @(560.16 mm, 53.01 mm): Horizontal Wire, length 10.16 mm
[endpoint_off_grid]: Symbol pin or wire end off connection grid
    ; warning
    @(560.16 mm, 55.55 mm): Horizontal Wire, length 10.16 mm
[endpoint_off_grid]: Symbol pin or wire end off connection grid
    ; warning
    @(560.16 mm, 58.09 mm): Horizontal Wire, length 10.16 mm
[endpoint_off_grid]: Symbol pin or wire end off connection grid
    ; warning
    @(560.16 mm, 60.63 mm): Horizontal Wire, length 10.16 mm
[endpoint_off_grid]: Symbol pin or wire end off connection grid
    ; warning
    @(560.16 mm, 63.17 mm): Horizontal Wire, length 10.16 mm
[endpoint_off_grid]: Symbol pin or wire end off connection grid
    ; warning
    @(560.16 mm, 70.79 mm): Horizontal Wire, length 10.16 mm
[endpoint_off_grid]: Symbol pin or wire end off connection grid
    ; warning
    @(560.16 mm, 75.87 mm): Horizontal Wire, length 10.16 mm
[endpoint_off_grid]: Symbol pin or wire end off connection grid
    ; warning
    @(560.16 mm, 80.95 mm): Horizontal Wire, length 10.16 mm
[endpoint_off_grid]: Symbol pin or wire end off connection grid
    ; warning
    @(560.16 mm, 83.49 mm): Horizontal Wire, length 10.16 mm
[endpoint_off_grid]: Symbol pin or wire end off connection grid
    ; warning
    @(560.16 mm, 86.03 mm): Horizontal Wire, length 10.16 mm
[endpoint_off_grid]: Symbol pin or wire end off connection grid
    ; warning
    @(560.16 mm, 88.57 mm): Horizontal Wire, length 10.16 mm
[endpoint_off_grid]: Symbol pin or wire end off connection grid
    ; warning
    @(560.16 mm, 91.11 mm): Horizontal Wire, length 10.16 mm
[endpoint_off_grid]: Symbol pin or wire end off connection grid
    ; warning
    @(560.16 mm, 93.65 mm): Horizontal Wire, length 10.16 mm
[endpoint_off_grid]: Symbol pin or wire end off connection grid
    ; warning
    @(560.16 mm, 98.73 mm): Horizontal Wire, length 10.16 mm
[endpoint_off_grid]: Symbol pin or wire end off connection grid
    ; warning
    @(560.16 mm, 103.81 mm): Horizontal Wire, length 10.16 mm
[endpoint_off_grid]: Symbol pin or wire end off connection grid
    ; warning
    @(560.16 mm, 111.43 mm): Horizontal Wire, length 10.16 mm
[endpoint_off_grid]: Symbol pin or wire end off connection grid
    ; warning
    @(560.16 mm, 121.59 mm): Horizontal Wire, length 10.16 mm
[endpoint_off_grid]: Symbol pin or wire end off connection grid
    ; warning
    @(560.16 mm, 124.13 mm): Horizontal Wire, length 10.16 mm
[endpoint_off_grid]: Symbol pin or wire end off connection grid
    ; warning
    @(560.16 mm, 126.67 mm): Horizontal Wire, length 10.16 mm
[endpoint_off_grid]: Symbol pin or wire end off connection grid
    ; warning
    @(560.16 mm, 129.21 mm): Horizontal Wire, length 10.16 mm
[endpoint_off_grid]: Symbol pin or wire end off connection grid
    ; warning
    @(560.16 mm, 131.75 mm): Horizontal Wire, length 10.16 mm
[endpoint_off_grid]: Symbol pin or wire end off connection grid
    ; warning
    @(560.16 mm, 134.29 mm): Horizontal Wire, length 10.16 mm
[endpoint_off_grid]: Symbol pin or wire end off connection grid
    ; warning
    @(560.16 mm, 136.83 mm): Horizontal Wire, length 10.16 mm
[endpoint_off_grid]: Symbol pin or wire end off connection grid
    ; warning
    @(560.16 mm, 139.37 mm): Horizontal Wire, length 10.16 mm
[endpoint_off_grid]: Symbol pin or wire end off connection grid
    ; warning
    @(560.16 mm, 141.91 mm): Horizontal Wire, length 10.16 mm
[endpoint_off_grid]: Symbol pin or wire end off connection grid
    ; warning
    @(560.16 mm, 144.45 mm): Horizontal Wire, length 10.16 mm
[endpoint_off_grid]: Symbol pin or wire end off connection grid
    ; warning
    @(560.16 mm, 146.99 mm): Horizontal Wire, length 10.16 mm
[endpoint_off_grid]: Symbol pin or wire end off connection grid
    ; warning
    @(560.16 mm, 149.53 mm): Horizontal Wire, length 10.16 mm

 ** ERC messages: 161  Errors 0  Warnings 161

 ** Ignored checks:
    - Global label only appears once in the schematic
    - Four connection points are joined together
    - SPICE model issue
    - Assigned footprint doesn't match footprint filters
