ERC report (2026-04-03T10:55:42, Encoding UTF8)
Report includes: Errors, Warnings

***** Sheet /
[endpoint_off_grid]: Symbol pin or wire end off connection grid
    ; warning
    @(38.10 mm, 77.14 mm): Symbol J1 Pin 1 [1, Passive, Line]
[endpoint_off_grid]: Symbol pin or wire end off connection grid
    ; warning
    @(38.10 mm, 77.14 mm): Horizontal Wire, length 127.00 mm
[endpoint_off_grid]: Symbol pin or wire end off connection grid
    ; warning
    @(38.10 mm, 79.68 mm): Horizontal Wire, length 53.34 mm
[endpoint_off_grid]: Symbol pin or wire end off connection grid
    ; warning
    @(38.10 mm, 82.22 mm): Horizontal Wire, length 12.70 mm
[endpoint_off_grid]: Symbol pin or wire end off connection grid
    ; warning
    @(38.10 mm, 84.76 mm): Horizontal Wire, length 38.10 mm
[endpoint_off_grid]: Symbol pin or wire end off connection grid
    ; warning
    @(38.10 mm, 87.30 mm): Horizontal Wire, length 38.10 mm
[endpoint_off_grid]: Symbol pin or wire end off connection grid
    ; warning
    @(38.10 mm, 89.84 mm): Horizontal Wire, length 12.70 mm
[endpoint_off_grid]: Symbol pin or wire end off connection grid
    ; warning
    @(38.10 mm, 92.38 mm): Horizontal Wire, length 12.70 mm
[endpoint_off_grid]: Symbol pin or wire end off connection grid
    ; warning
    @(38.10 mm, 94.92 mm): Horizontal Wire, length 12.70 mm
[lib_symbol_issues]: The current configuration does not include the symbol library 'Custom'
    ; warning
    @(25.40 mm, 100.00 mm): Symbol J1 [HDMI_A_Simple]
[endpoint_off_grid]: Symbol pin or wire end off connection grid
    ; warning
    @(38.10 mm, 97.46 mm): Horizontal Wire, length 12.70 mm
[endpoint_off_grid]: Symbol pin or wire end off connection grid
    ; warning
    @(38.10 mm, 100.00 mm): Horizontal Wire, length 12.70 mm
[endpoint_off_grid]: Symbol pin or wire end off connection grid
    ; warning
    @(38.10 mm, 102.54 mm): Horizontal Wire, length 12.70 mm
[endpoint_off_grid]: Symbol pin or wire end off connection grid
    ; warning
    @(38.10 mm, 105.08 mm): Horizontal Wire, length 12.70 mm
[endpoint_off_grid]: Symbol pin or wire end off connection grid
    ; warning
    @(38.10 mm, 107.62 mm): Horizontal Wire, length 12.70 mm
[endpoint_off_grid]: Symbol pin or wire end off connection grid
    ; warning
    @(38.10 mm, 110.16 mm): Horizontal Wire, length 12.70 mm
[endpoint_off_grid]: Symbol pin or wire end off connection grid
    ; warning
    @(38.10 mm, 112.70 mm): Horizontal Wire, length 12.70 mm
[endpoint_off_grid]: Symbol pin or wire end off connection grid
    ; warning
    @(38.10 mm, 115.24 mm): Horizontal Wire, length 12.70 mm
[endpoint_off_grid]: Symbol pin or wire end off connection grid
    ; warning
    @(38.10 mm, 117.78 mm): Horizontal Wire, length 12.70 mm
[endpoint_off_grid]: Symbol pin or wire end off connection grid
    ; warning
    @(83.82 mm, 92.38 mm): Symbol U1 Pin 1 [EN, Passive, Line]
[endpoint_off_grid]: Symbol pin or wire end off connection grid
    ; warning
    @(83.82 mm, 92.38 mm): Horizontal Wire, length 5.08 mm
[endpoint_off_grid]: Symbol pin or wire end off connection grid
    ; warning
    @(38.10 mm, 120.32 mm): Horizontal Wire, length 12.70 mm
[endpoint_off_grid]: Symbol pin or wire end off connection grid
    ; warning
    @(83.82 mm, 97.46 mm): Horizontal Wire, length 7.62 mm
[endpoint_off_grid]: Symbol pin or wire end off connection grid
    ; warning
    @(38.10 mm, 122.86 mm): Horizontal Wire, length 12.70 mm
[endpoint_off_grid]: Symbol pin or wire end off connection grid
    ; warning
    @(83.82 mm, 102.54 mm): Horizontal Wire, length 7.62 mm
[lib_symbol_issues]: The current configuration does not include the symbol library 'Custom'
    ; warning
    @(93.98 mm, 100.00 mm): Symbol U1 [TCA4307DGKR]
[endpoint_off_grid]: Symbol pin or wire end off connection grid
    ; warning
    @(104.14 mm, 94.92 mm): Horizontal Wire, length 7.62 mm
[endpoint_off_grid]: Symbol pin or wire end off connection grid
    ; warning
    @(104.14 mm, 100.00 mm): Horizontal Wire, length 7.62 mm
[lib_symbol_issues]: The current configuration does not include the symbol library 'Custom'
    ; warning
    @(83.82 mm, 118.11 mm): Symbol C1 [C_Simple]
[endpoint_off_grid]: Symbol pin or wire end off connection grid
    ; warning
    @(104.14 mm, 105.08 mm): Horizontal Wire, length 7.62 mm
[lib_symbol_issues]: The current configuration does not include the symbol library 'Custom'
    ; warning
    @(76.20 mm, 130.81 mm): Symbol R1 [R_Simple]
[endpoint_off_grid]: Symbol pin or wire end off connection grid
    ; warning
    @(121.92 mm, 102.54 mm): Horizontal Wire, length 7.62 mm
[endpoint_off_grid]: Symbol pin or wire end off connection grid
    ; warning
    @(121.92 mm, 107.62 mm): Horizontal Wire, length 7.62 mm
[lib_symbol_issues]: The current configuration does not include the symbol library 'Custom'
    ; warning
    @(66.04 mm, 149.86 mm): Symbol R2 [R_Simple]
[lib_symbol_issues]: The current configuration does not include the symbol library 'Custom'
    ; warning
    @(73.66 mm, 149.86 mm): Symbol Q1 [NMOS_GSD]
[lib_symbol_issues]: The current configuration does not include the symbol library 'Custom'
    ; warning
    @(132.08 mm, 102.54 mm): Symbol U2 [PCA9306]
[lib_symbol_issues]: The current configuration does not include the symbol library 'Custom'
    ; warning
    @(114.30 mm, 132.08 mm): Symbol R3 [R_Simple]
[endpoint_off_grid]: Symbol pin or wire end off connection grid
    ; warning
    @(132.08 mm, 115.24 mm): Symbol U2 Pin 1 [GND, Passive, Line]
[endpoint_off_grid]: Symbol pin or wire end off connection grid
    ; warning
    @(142.24 mm, 102.54 mm): Horizontal Wire, length 7.62 mm
[endpoint_off_grid]: Symbol pin or wire end off connection grid
    ; warning
    @(142.24 mm, 107.62 mm): Horizontal Wire, length 7.62 mm
[lib_symbol_issues]: The current configuration does not include the symbol library 'Custom'
    ; warning
    @(76.20 mm, 172.72 mm): Symbol C3 [C_Simple]
[lib_symbol_issues]: The current configuration does not include the symbol library 'Custom'
    ; warning
    @(55.88 mm, 181.61 mm): Symbol R6 [R_Simple]
[lib_symbol_issues]: The current configuration does not include the symbol library 'Custom'
    ; warning
    @(142.24 mm, 132.08 mm): Symbol R4 [R_Simple]
[lib_symbol_issues]: The current configuration does not include the symbol library 'Custom'
    ; warning
    @(91.44 mm, 172.72 mm): Symbol C2 [C_Simple]
[isolated_pin_label]: Label connected to only one pin
    ; warning
    @(50.80 mm, 191.77 mm): Label 'RESERVED_GPIO'
[lib_symbol_issues]: The current configuration does not include the symbol library 'Custom'
    ; warning
    @(101.60 mm, 172.72 mm): Symbol R12 [R_Simple]
[lib_symbol_issues]: The current configuration does not include the symbol library 'Custom'
    ; warning
    @(55.88 mm, 193.04 mm): Symbol R7 [R_Simple]
[lib_symbol_issues]: The current configuration does not include the symbol library 'Custom'
    ; warning
    @(152.40 mm, 132.08 mm): Symbol R5 [R_Simple]
[lib_symbol_issues]: The current configuration does not include the symbol library 'Custom'
    ; warning
    @(180.34 mm, 100.00 mm): Symbol J2 [HDMI_A_Simple]
[lib_symbol_issues]: The current configuration does not include the symbol library 'Custom'
    ; warning
    @(25.40 mm, 205.74 mm): Symbol J3 [Conn_01x12_Simple]
[endpoint_off_grid]: Symbol pin or wire end off connection grid
    ; warning
    @(193.04 mm, 77.14 mm): Symbol J2 Pin 1 [1, Passive, Line]
[endpoint_off_grid]: Symbol pin or wire end off connection grid
    ; warning
    @(193.04 mm, 77.14 mm): Horizontal Wire, length 17.78 mm
[endpoint_off_grid]: Symbol pin or wire end off connection grid
    ; warning
    @(193.04 mm, 79.68 mm): Horizontal Wire, length 43.18 mm
[lib_symbol_issues]: The current configuration does not include the symbol library 'Custom'
    ; warning
    @(101.60 mm, 182.88 mm): Symbol R10 [R_Simple]
[endpoint_off_grid]: Symbol pin or wire end off connection grid
    ; warning
    @(193.04 mm, 82.22 mm): Horizontal Wire, length 12.70 mm
[endpoint_off_grid]: Symbol pin or wire end off connection grid
    ; warning
    @(193.04 mm, 84.76 mm): Horizontal Wire, length 27.94 mm
[endpoint_off_grid]: Symbol pin or wire end off connection grid
    ; warning
    @(193.04 mm, 87.30 mm): Horizontal Wire, length 27.94 mm
[endpoint_off_grid]: Symbol pin or wire end off connection grid
    ; warning
    @(193.04 mm, 89.84 mm): Horizontal Wire, length 12.70 mm
[endpoint_off_grid]: Symbol pin or wire end off connection grid
    ; warning
    @(193.04 mm, 92.38 mm): Horizontal Wire, length 12.70 mm
[endpoint_off_grid]: Symbol pin or wire end off connection grid
    ; warning
    @(193.04 mm, 94.92 mm): Horizontal Wire, length 12.70 mm
[endpoint_off_grid]: Symbol pin or wire end off connection grid
    ; warning
    @(193.04 mm, 97.46 mm): Horizontal Wire, length 12.70 mm
[endpoint_off_grid]: Symbol pin or wire end off connection grid
    ; warning
    @(193.04 mm, 100.00 mm): Horizontal Wire, length 12.70 mm
[lib_symbol_issues]: The current configuration does not include the symbol library 'Custom'
    ; warning
    @(119.38 mm, 182.88 mm): Symbol U3 [TPS2113APWR]
[endpoint_off_grid]: Symbol pin or wire end off connection grid
    ; warning
    @(193.04 mm, 102.54 mm): Horizontal Wire, length 12.70 mm
[endpoint_off_grid]: Symbol pin or wire end off connection grid
    ; warning
    @(193.04 mm, 105.08 mm): Horizontal Wire, length 12.70 mm
[endpoint_off_grid]: Symbol pin or wire end off connection grid
    ; warning
    @(193.04 mm, 107.62 mm): Horizontal Wire, length 12.70 mm
[endpoint_off_grid]: Symbol pin or wire end off connection grid
    ; warning
    @(193.04 mm, 110.16 mm): Horizontal Wire, length 12.70 mm
[endpoint_off_grid]: Symbol pin or wire end off connection grid
    ; warning
    @(193.04 mm, 112.70 mm): Horizontal Wire, length 12.70 mm
[lib_symbol_issues]: The current configuration does not include the symbol library 'Custom'
    ; warning
    @(139.70 mm, 175.26 mm): Symbol R11 [R_Simple]
[endpoint_off_grid]: Symbol pin or wire end off connection grid
    ; warning
    @(193.04 mm, 115.24 mm): Horizontal Wire, length 12.70 mm
[endpoint_off_grid]: Symbol pin or wire end off connection grid
    ; warning
    @(193.04 mm, 117.78 mm): Horizontal Wire, length 12.70 mm
[endpoint_off_grid]: Symbol pin or wire end off connection grid
    ; warning
    @(193.04 mm, 120.32 mm): Horizontal Wire, length 12.70 mm
[lib_symbol_issues]: The current configuration does not include the symbol library 'Custom'
    ; warning
    @(149.86 mm, 172.72 mm): Symbol C4 [C_Simple]
[endpoint_off_grid]: Symbol pin or wire end off connection grid
    ; warning
    @(193.04 mm, 122.86 mm): Horizontal Wire, length 12.70 mm
[lib_symbol_issues]: The current configuration does not include the symbol library 'Custom'
    ; warning
    @(165.10 mm, 181.61 mm): Symbol R8 [R_Simple]
[lib_symbol_issues]: The current configuration does not include the symbol library 'Custom'
    ; warning
    @(165.10 mm, 193.04 mm): Symbol R9 [R_Simple]

 ** ERC messages: 76  Errors 0  Warnings 76

 ** Ignored checks:
    - Global label only appears once in the schematic
    - Four connection points are joined together
    - SPICE model issue
    - Assigned footprint doesn't match footprint filters
